I'm sorry, but errors were detected in your script. Please correct the
errors listed below, and try again.


File "game/script.rpy", line 14: play requires a file
    play sound= "mi nombre es loxvef.wav"
              ^

Ren'Py Version: Ren'Py 6.18.3.761
